// Jest Snapshot v1, https://goo.gl/fbAQLP

exports[`buildScheduleFor8x2 — locked-in output (must stay byte-identical for KOC) matches the golden snapshot captured before the config-driven generalization 1`] = `
Object {
  "A-r1-m1": Object {
    "date": "2026-06-27",
    "group": "A",
    "id": "A-r1-m1",
    "round": 1,
    "scheduleVersion": "koc3-2026-06-27-group-weekends-715pm-v2",
    "status": "scheduled",
    "team1Id": "team1",
    "team2Id": "team8",
    "time": "7:15 PM",
  },
  "A-r1-m2": Object {
    "date": "2026-06-27",
    "group": "A",
    "id": "A-r1-m2",
    "round": 1,
    "scheduleVersion": "koc3-2026-06-27-group-weekends-715pm-v2",
    "status": "scheduled",
    "team1Id": "team2",
    "team2Id": "team7",
    "time": "7:15 PM",
  },
  "A-r1-m3": Object {
    "date": "2026-06-27",
    "group": "A",
    "id": "A-r1-m3",
    "round": 1,
    "scheduleVersion": "koc3-2026-06-27-group-weekends-715pm-v2",
    "status": "scheduled",
    "team1Id": "team3",
    "team2Id": "team6",
    "time": "7:15 PM",
  },
  "A-r1-m4": Object {
    "date": "2026-06-27",
    "group": "A",
    "id": "A-r1-m4",
    "round": 1,
    "scheduleVersion": "koc3-2026-06-27-group-weekends-715pm-v2",
    "status": "scheduled",
    "team1Id": "team4",
    "team2Id": "team5",
    "time": "7:15 PM",
  },
  "A-r2-m1": Object {
    "date": "2026-07-11",
    "group": "A",
    "id": "A-r2-m1",
    "round": 2,
    "scheduleVersion": "koc3-2026-06-27-group-weekends-715pm-v2",
    "status": "scheduled",
    "team1Id": "team1",
    "team2Id": "team7",
    "time": "7:15 PM",
  },
  "A-r2-m2": Object {
    "date": "2026-07-11",
    "group": "A",
    "id": "A-r2-m2",
    "round": 2,
    "scheduleVersion": "koc3-2026-06-27-group-weekends-715pm-v2",
    "status": "scheduled",
    "team1Id": "team8",
    "team2Id": "team6",
    "time": "7:15 PM",
  },
  "A-r2-m3": Object {
    "date": "2026-07-11",
    "group": "A",
    "id": "A-r2-m3",
    "round": 2,
    "scheduleVersion": "koc3-2026-06-27-group-weekends-715pm-v2",
    "status": "scheduled",
    "team1Id": "team2",
    "team2Id": "team5",
    "time": "7:15 PM",
  },
  "A-r2-m4": Object {
    "date": "2026-07-11",
    "group": "A",
    "id": "A-r2-m4",
    "round": 2,
    "scheduleVersion": "koc3-2026-06-27-group-weekends-715pm-v2",
    "status": "scheduled",
    "team1Id": "team3",
    "team2Id": "team4",
    "time": "7:15 PM",
  },
  "A-r3-m1": Object {
    "date": "2026-07-18",
    "group": "A",
    "id": "A-r3-m1",
    "round": 3,
    "scheduleVersion": "koc3-2026-06-27-group-weekends-715pm-v2",
    "status": "scheduled",
    "team1Id": "team1",
    "team2Id": "team6",
    "time": "7:15 PM",
  },
  "A-r3-m2": Object {
    "date": "2026-07-18",
    "group": "A",
    "id": "A-r3-m2",
    "round": 3,
    "scheduleVersion": "koc3-2026-06-27-group-weekends-715pm-v2",
    "status": "scheduled",
    "team1Id": "team7",
    "team2Id": "team5",
    "time": "7:15 PM",
  },
  "A-r3-m3": Object {
    "date": "2026-07-18",
    "group": "A",
    "id": "A-r3-m3",
    "round": 3,
    "scheduleVersion": "koc3-2026-06-27-group-weekends-715pm-v2",
    "status": "scheduled",
    "team1Id": "team8",
    "team2Id": "team4",
    "time": "7:15 PM",
  },
  "A-r3-m4": Object {
    "date": "2026-07-18",
    "group": "A",
    "id": "A-r3-m4",
    "round": 3,
    "scheduleVersion": "koc3-2026-06-27-group-weekends-715pm-v2",
    "status": "scheduled",
    "team1Id": "team2",
    "team2Id": "team3",
    "time": "7:15 PM",
  },
  "A-r4-m1": Object {
    "date": "2026-07-25",
    "group": "A",
    "id": "A-r4-m1",
    "round": 4,
    "scheduleVersion": "koc3-2026-06-27-group-weekends-715pm-v2",
    "status": "scheduled",
    "team1Id": "team1",
    "team2Id": "team5",
    "time": "7:15 PM",
  },
  "A-r4-m2": Object {
    "date": "2026-07-25",
    "group": "A",
    "id": "A-r4-m2",
    "round": 4,
    "scheduleVersion": "koc3-2026-06-27-group-weekends-715pm-v2",
    "status": "scheduled",
    "team1Id": "team6",
    "team2Id": "team4",
    "time": "7:15 PM",
  },
  "A-r4-m3": Object {
    "date": "2026-07-25",
    "group": "A",
    "id": "A-r4-m3",
    "round": 4,
    "scheduleVersion": "koc3-2026-06-27-group-weekends-715pm-v2",
    "status": "scheduled",
    "team1Id": "team7",
    "team2Id": "team3",
    "time": "7:15 PM",
  },
  "A-r4-m4": Object {
    "date": "2026-07-25",
    "group": "A",
    "id": "A-r4-m4",
    "round": 4,
    "scheduleVersion": "koc3-2026-06-27-group-weekends-715pm-v2",
    "status": "scheduled",
    "team1Id": "team8",
    "team2Id": "team2",
    "time": "7:15 PM",
  },
  "A-r5-m1": Object {
    "date": "2026-08-01",
    "group": "A",
    "id": "A-r5-m1",
    "round": 5,
    "scheduleVersion": "koc3-2026-06-27-group-weekends-715pm-v2",
    "status": "scheduled",
    "team1Id": "team1",
    "team2Id": "team4",
    "time": "7:15 PM",
  },
  "A-r5-m2": Object {
    "date": "2026-08-01",
    "group": "A",
    "id": "A-r5-m2",
    "round": 5,
    "scheduleVersion": "koc3-2026-06-27-group-weekends-715pm-v2",
    "status": "scheduled",
    "team1Id": "team5",
    "team2Id": "team3",
    "time": "7:15 PM",
  },
  "A-r5-m3": Object {
    "date": "2026-08-01",
    "group": "A",
    "id": "A-r5-m3",
    "round": 5,
    "scheduleVersion": "koc3-2026-06-27-group-weekends-715pm-v2",
    "status": "scheduled",
    "team1Id": "team6",
    "team2Id": "team2",
    "time": "7:15 PM",
  },
  "A-r5-m4": Object {
    "date": "2026-08-01",
    "group": "A",
    "id": "A-r5-m4",
    "round": 5,
    "scheduleVersion": "koc3-2026-06-27-group-weekends-715pm-v2",
    "status": "scheduled",
    "team1Id": "team7",
    "team2Id": "team8",
    "time": "7:15 PM",
  },
  "A-r6-m1": Object {
    "date": "2026-08-08",
    "group": "A",
    "id": "A-r6-m1",
    "round": 6,
    "scheduleVersion": "koc3-2026-06-27-group-weekends-715pm-v2",
    "status": "scheduled",
    "team1Id": "team1",
    "team2Id": "team3",
    "time": "7:15 PM",
  },
  "A-r6-m2": Object {
    "date": "2026-08-08",
    "group": "A",
    "id": "A-r6-m2",
    "round": 6,
    "scheduleVersion": "koc3-2026-06-27-group-weekends-715pm-v2",
    "status": "scheduled",
    "team1Id": "team4",
    "team2Id": "team2",
    "time": "7:15 PM",
  },
  "A-r6-m3": Object {
    "date": "2026-08-08",
    "group": "A",
    "id": "A-r6-m3",
    "round": 6,
    "scheduleVersion": "koc3-2026-06-27-group-weekends-715pm-v2",
    "status": "scheduled",
    "team1Id": "team5",
    "team2Id": "team8",
    "time": "7:15 PM",
  },
  "A-r6-m4": Object {
    "date": "2026-08-08",
    "group": "A",
    "id": "A-r6-m4",
    "round": 6,
    "scheduleVersion": "koc3-2026-06-27-group-weekends-715pm-v2",
    "status": "scheduled",
    "team1Id": "team6",
    "team2Id": "team7",
    "time": "7:15 PM",
  },
  "A-r7-m1": Object {
    "date": "2026-08-15",
    "group": "A",
    "id": "A-r7-m1",
    "round": 7,
    "scheduleVersion": "koc3-2026-06-27-group-weekends-715pm-v2",
    "status": "scheduled",
    "team1Id": "team1",
    "team2Id": "team2",
    "time": "7:15 PM",
  },
  "A-r7-m2": Object {
    "date": "2026-08-15",
    "group": "A",
    "id": "A-r7-m2",
    "round": 7,
    "scheduleVersion": "koc3-2026-06-27-group-weekends-715pm-v2",
    "status": "scheduled",
    "team1Id": "team3",
    "team2Id": "team8",
    "time": "7:15 PM",
  },
  "A-r7-m3": Object {
    "date": "2026-08-15",
    "group": "A",
    "id": "A-r7-m3",
    "round": 7,
    "scheduleVersion": "koc3-2026-06-27-group-weekends-715pm-v2",
    "status": "scheduled",
    "team1Id": "team4",
    "team2Id": "team7",
    "time": "7:15 PM",
  },
  "A-r7-m4": Object {
    "date": "2026-08-15",
    "group": "A",
    "id": "A-r7-m4",
    "round": 7,
    "scheduleVersion": "koc3-2026-06-27-group-weekends-715pm-v2",
    "status": "scheduled",
    "team1Id": "team5",
    "team2Id": "team6",
    "time": "7:15 PM",
  },
  "B-r1-m1": Object {
    "date": "2026-06-28",
    "group": "B",
    "id": "B-r1-m1",
    "round": 1,
    "scheduleVersion": "koc3-2026-06-27-group-weekends-715pm-v2",
    "status": "scheduled",
    "team1Id": "team9",
    "team2Id": "team16",
    "time": "7:15 PM",
  },
  "B-r1-m2": Object {
    "date": "2026-06-28",
    "group": "B",
    "id": "B-r1-m2",
    "round": 1,
    "scheduleVersion": "koc3-2026-06-27-group-weekends-715pm-v2",
    "status": "scheduled",
    "team1Id": "team10",
    "team2Id": "team15",
    "time": "7:15 PM",
  },
  "B-r1-m3": Object {
    "date": "2026-06-28",
    "group": "B",
    "id": "B-r1-m3",
    "round": 1,
    "scheduleVersion": "koc3-2026-06-27-group-weekends-715pm-v2",
    "status": "scheduled",
    "team1Id": "team11",
    "team2Id": "team14",
    "time": "7:15 PM",
  },
  "B-r1-m4": Object {
    "date": "2026-06-28",
    "group": "B",
    "id": "B-r1-m4",
    "round": 1,
    "scheduleVersion": "koc3-2026-06-27-group-weekends-715pm-v2",
    "status": "scheduled",
    "team1Id": "team12",
    "team2Id": "team13",
    "time": "7:15 PM",
  },
  "B-r2-m1": Object {
    "date": "2026-07-12",
    "group": "B",
    "id": "B-r2-m1",
    "round": 2,
    "scheduleVersion": "koc3-2026-06-27-group-weekends-715pm-v2",
    "status": "scheduled",
    "team1Id": "team9",
    "team2Id": "team15",
    "time": "7:15 PM",
  },
  "B-r2-m2": Object {
    "date": "2026-07-12",
    "group": "B",
    "id": "B-r2-m2",
    "round": 2,
    "scheduleVersion": "koc3-2026-06-27-group-weekends-715pm-v2",
    "status": "scheduled",
    "team1Id": "team16",
    "team2Id": "team14",
    "time": "7:15 PM",
  },
  "B-r2-m3": Object {
    "date": "2026-07-12",
    "group": "B",
    "id": "B-r2-m3",
    "round": 2,
    "scheduleVersion": "koc3-2026-06-27-group-weekends-715pm-v2",
    "status": "scheduled",
    "team1Id": "team10",
    "team2Id": "team13",
    "time": "7:15 PM",
  },
  "B-r2-m4": Object {
    "date": "2026-07-12",
    "group": "B",
    "id": "B-r2-m4",
    "round": 2,
    "scheduleVersion": "koc3-2026-06-27-group-weekends-715pm-v2",
    "status": "scheduled",
    "team1Id": "team11",
    "team2Id": "team12",
    "time": "7:15 PM",
  },
  "B-r3-m1": Object {
    "date": "2026-07-19",
    "group": "B",
    "id": "B-r3-m1",
    "round": 3,
    "scheduleVersion": "koc3-2026-06-27-group-weekends-715pm-v2",
    "status": "scheduled",
    "team1Id": "team9",
    "team2Id": "team14",
    "time": "7:15 PM",
  },
  "B-r3-m2": Object {
    "date": "2026-07-19",
    "group": "B",
    "id": "B-r3-m2",
    "round": 3,
    "scheduleVersion": "koc3-2026-06-27-group-weekends-715pm-v2",
    "status": "scheduled",
    "team1Id": "team15",
    "team2Id": "team13",
    "time": "7:15 PM",
  },
  "B-r3-m3": Object {
    "date": "2026-07-19",
    "group": "B",
    "id": "B-r3-m3",
    "round": 3,
    "scheduleVersion": "koc3-2026-06-27-group-weekends-715pm-v2",
    "status": "scheduled",
    "team1Id": "team16",
    "team2Id": "team12",
    "time": "7:15 PM",
  },
  "B-r3-m4": Object {
    "date": "2026-07-19",
    "group": "B",
    "id": "B-r3-m4",
    "round": 3,
    "scheduleVersion": "koc3-2026-06-27-group-weekends-715pm-v2",
    "status": "scheduled",
    "team1Id": "team10",
    "team2Id": "team11",
    "time": "7:15 PM",
  },
  "B-r4-m1": Object {
    "date": "2026-07-26",
    "group": "B",
    "id": "B-r4-m1",
    "round": 4,
    "scheduleVersion": "koc3-2026-06-27-group-weekends-715pm-v2",
    "status": "scheduled",
    "team1Id": "team9",
    "team2Id": "team13",
    "time": "7:15 PM",
  },
  "B-r4-m2": Object {
    "date": "2026-07-26",
    "group": "B",
    "id": "B-r4-m2",
    "round": 4,
    "scheduleVersion": "koc3-2026-06-27-group-weekends-715pm-v2",
    "status": "scheduled",
    "team1Id": "team14",
    "team2Id": "team12",
    "time": "7:15 PM",
  },
  "B-r4-m3": Object {
    "date": "2026-07-26",
    "group": "B",
    "id": "B-r4-m3",
    "round": 4,
    "scheduleVersion": "koc3-2026-06-27-group-weekends-715pm-v2",
    "status": "scheduled",
    "team1Id": "team15",
    "team2Id": "team11",
    "time": "7:15 PM",
  },
  "B-r4-m4": Object {
    "date": "2026-07-26",
    "group": "B",
    "id": "B-r4-m4",
    "round": 4,
    "scheduleVersion": "koc3-2026-06-27-group-weekends-715pm-v2",
    "status": "scheduled",
    "team1Id": "team16",
    "team2Id": "team10",
    "time": "7:15 PM",
  },
  "B-r5-m1": Object {
    "date": "2026-08-02",
    "group": "B",
    "id": "B-r5-m1",
    "round": 5,
    "scheduleVersion": "koc3-2026-06-27-group-weekends-715pm-v2",
    "status": "scheduled",
    "team1Id": "team9",
    "team2Id": "team12",
    "time": "7:15 PM",
  },
  "B-r5-m2": Object {
    "date": "2026-08-02",
    "group": "B",
    "id": "B-r5-m2",
    "round": 5,
    "scheduleVersion": "koc3-2026-06-27-group-weekends-715pm-v2",
    "status": "scheduled",
    "team1Id": "team13",
    "team2Id": "team11",
    "time": "7:15 PM",
  },
  "B-r5-m3": Object {
    "date": "2026-08-02",
    "group": "B",
    "id": "B-r5-m3",
    "round": 5,
    "scheduleVersion": "koc3-2026-06-27-group-weekends-715pm-v2",
    "status": "scheduled",
    "team1Id": "team14",
    "team2Id": "team10",
    "time": "7:15 PM",
  },
  "B-r5-m4": Object {
    "date": "2026-08-02",
    "group": "B",
    "id": "B-r5-m4",
    "round": 5,
    "scheduleVersion": "koc3-2026-06-27-group-weekends-715pm-v2",
    "status": "scheduled",
    "team1Id": "team15",
    "team2Id": "team16",
    "time": "7:15 PM",
  },
  "B-r6-m1": Object {
    "date": "2026-08-09",
    "group": "B",
    "id": "B-r6-m1",
    "round": 6,
    "scheduleVersion": "koc3-2026-06-27-group-weekends-715pm-v2",
    "status": "scheduled",
    "team1Id": "team9",
    "team2Id": "team11",
    "time": "7:15 PM",
  },
  "B-r6-m2": Object {
    "date": "2026-08-09",
    "group": "B",
    "id": "B-r6-m2",
    "round": 6,
    "scheduleVersion": "koc3-2026-06-27-group-weekends-715pm-v2",
    "status": "scheduled",
    "team1Id": "team12",
    "team2Id": "team10",
    "time": "7:15 PM",
  },
  "B-r6-m3": Object {
    "date": "2026-08-09",
    "group": "B",
    "id": "B-r6-m3",
    "round": 6,
    "scheduleVersion": "koc3-2026-06-27-group-weekends-715pm-v2",
    "status": "scheduled",
    "team1Id": "team13",
    "team2Id": "team16",
    "time": "7:15 PM",
  },
  "B-r6-m4": Object {
    "date": "2026-08-09",
    "group": "B",
    "id": "B-r6-m4",
    "round": 6,
    "scheduleVersion": "koc3-2026-06-27-group-weekends-715pm-v2",
    "status": "scheduled",
    "team1Id": "team14",
    "team2Id": "team15",
    "time": "7:15 PM",
  },
  "B-r7-m1": Object {
    "date": "2026-08-16",
    "group": "B",
    "id": "B-r7-m1",
    "round": 7,
    "scheduleVersion": "koc3-2026-06-27-group-weekends-715pm-v2",
    "status": "scheduled",
    "team1Id": "team9",
    "team2Id": "team10",
    "time": "7:15 PM",
  },
  "B-r7-m2": Object {
    "date": "2026-08-16",
    "group": "B",
    "id": "B-r7-m2",
    "round": 7,
    "scheduleVersion": "koc3-2026-06-27-group-weekends-715pm-v2",
    "status": "scheduled",
    "team1Id": "team11",
    "team2Id": "team16",
    "time": "7:15 PM",
  },
  "B-r7-m3": Object {
    "date": "2026-08-16",
    "group": "B",
    "id": "B-r7-m3",
    "round": 7,
    "scheduleVersion": "koc3-2026-06-27-group-weekends-715pm-v2",
    "status": "scheduled",
    "team1Id": "team12",
    "team2Id": "team15",
    "time": "7:15 PM",
  },
  "B-r7-m4": Object {
    "date": "2026-08-16",
    "group": "B",
    "id": "B-r7-m4",
    "round": 7,
    "scheduleVersion": "koc3-2026-06-27-group-weekends-715pm-v2",
    "status": "scheduled",
    "team1Id": "team13",
    "team2Id": "team14",
    "time": "7:15 PM",
  },
  "buffer_week": Object {
    "date": "2026-07-04",
    "group": "ALL",
    "id": "buffer_week",
    "round": 2,
    "scheduleVersion": "koc3-2026-06-27-group-weekends-715pm-v2",
    "status": "buffer",
    "time": "",
    "title": "July 4 buffer week",
    "type": "buffer",
  },
}
`;
